// Jest Snapshot v1, https://goo.gl/fbAQLP

exports[`returns an array of keyframe strings, and duration for a long spring 1`] = `
"0% {width: 100px;}
 5.13% {width: 273.39px;}
 9.74% {width: 140.04px;}
 14.36% {width: 248.5px;}
 19.49% {width: 164.83px;}
 24.1% {width: 228.88px;}
 28.72% {width: 176.53px;}
 33.85% {width: 216.81px;}
 38.46% {width: 186.13px;}
 43.08% {width: 211.33px;}
 47.69% {width: 190.84px;}
 52.82% {width: 206.65px;}
 57.44% {width: 194.54px;}
 62.05% {width: 204.43px;}
 67.18% {width: 196.82px;}
 71.79% {width: 202.62px;}
 76.41% {width: 197.86px;}
 81.03% {width: 201.73px;}
 86.15% {width: 198.74px;}
 90.77% {width: 201.03px;}
 95.38% {width: 199.16px;}
 100% {width: 200px;}"
`;

exports[`returns an array of keyframe strings, and duration for a short spring 1`] = `
"0% {width: 0px;}
 100% {width: 200px;}"
`;

exports[`returns an array of keyframe strings, and duration for a tweened and sprung animation 1`] = `
"0% {transform: translate3d(0px, 0px, 0px);}
 10.11% {transform: translate3d(161.53px, 0px, 0px);}
 20.21% {transform: translate3d(62.18px, 0px, 0px);}
 30.32% {transform: translate3d(123.23px, 0px, 0px);}
 40.43% {transform: translate3d(85.75px, 0px, 0px);}
 50.53% {transform: translate3d(108.73px, 0px, 0px);}
 60.11% {transform: translate3d(94.48px, 0px, 0px);}
 70.21% {transform: translate3d(103.39px, 0px, 0px);}
 80.32% {transform: translate3d(97.92px, 0px, 0px);}
 90.43% {transform: translate3d(101.28px, 0px, 0px);}
 100% {transform: translate3d(100px, 0px, 0px);}"
`;

exports[`returns an array of keyframe strings, and duration for a tweened and sprung animation 2`] = `
"0% {opacity: 0;}
 100% {opacity: 1;}"
`;

exports[`returns an array of keyframe strings, and duration for a tweened animation 1`] = `
"0% {opacity: 0;}
 100% {opacity: 1;}"
`;

exports[`returns an array of keyframe strings, duration, and ease 1`] = `
"0% {width: 100px; transform: translate3d(0px, 100px, 0px) scale3d(0, 0, 1);}
 35.56% {width: 217.79px; transform: translate3d(23.56px, 41.11px, 0px) scale3d(1.18, 1.18, 1);}
 68.89% {width: 196.67px; transform: translate3d(19.33px, 51.67px, 0px) scale3d(0.97, 0.97, 1);}
 100% {width: 200px; transform: translate3d(20px, 50px, 0px) scale3d(1, 1, 1);}"
`;

exports[`returns an array of keyframes for 0 value animations 1`] = `
"0% {transform: translate3d(0px, 0px, 0px) scale3d(0, 1, 1);}
 5.13% {transform: translate3d(34.68px, 0px, 0px) scale3d(1.73, 1, 1);}
 9.74% {transform: translate3d(8.01px, 0px, 0px) scale3d(0.4, 1, 1);}
 14.36% {transform: translate3d(29.7px, 0px, 0px) scale3d(1.48, 1, 1);}
 19.49% {transform: translate3d(12.97px, 0px, 0px) scale3d(0.65, 1, 1);}
 24.1% {transform: translate3d(25.78px, 0px, 0px) scale3d(1.29, 1, 1);}
 28.72% {transform: translate3d(15.31px, 0px, 0px) scale3d(0.77, 1, 1);}
 33.85% {transform: translate3d(23.36px, 0px, 0px) scale3d(1.17, 1, 1);}
 38.46% {transform: translate3d(17.23px, 0px, 0px) scale3d(0.86, 1, 1);}
 43.08% {transform: translate3d(22.27px, 0px, 0px) scale3d(1.11, 1, 1);}
 47.69% {transform: translate3d(18.17px, 0px, 0px) scale3d(0.91, 1, 1);}
 52.82% {transform: translate3d(21.33px, 0px, 0px) scale3d(1.07, 1, 1);}
 57.44% {transform: translate3d(18.91px, 0px, 0px) scale3d(0.95, 1, 1);}
 62.05% {transform: translate3d(20.89px, 0px, 0px) scale3d(1.04, 1, 1);}
 67.18% {transform: translate3d(19.36px, 0px, 0px) scale3d(0.97, 1, 1);}
 71.79% {transform: translate3d(20.52px, 0px, 0px) scale3d(1.03, 1, 1);}
 76.41% {transform: translate3d(19.57px, 0px, 0px) scale3d(0.98, 1, 1);}
 81.03% {transform: translate3d(20.35px, 0px, 0px) scale3d(1.02, 1, 1);}
 86.15% {transform: translate3d(19.75px, 0px, 0px) scale3d(0.99, 1, 1);}
 90.77% {transform: translate3d(20.21px, 0px, 0px) scale3d(1.01, 1, 1);}
 95.38% {transform: translate3d(19.83px, 0px, 0px) scale3d(0.99, 1, 1);}
 100% {transform: translate3d(20px, 0px, 0px) scale3d(1, 1, 1);}"
`;

exports[`returns an array of keyframes for 0 value animations 2`] = `
"0% {opacity: 0;}
 100% {opacity: 1;}"
`;

exports[`returns an array of valid keyframes for backgroundColor 1`] = `
"0% {background-color: red;}
 100% {background-color: blue;}"
`;

exports[`returns an array of valid keyframes for backgroundColor 2`] = `"3133.33ms"`;

exports[`returns an array of valid keyframes for camelCase properties 1`] = `
"0% {border-radius: 0px;}
 10.11% {border-radius: 32.31px;}
 20.21% {border-radius: 12.44px;}
 30.32% {border-radius: 24.65px;}
 40.43% {border-radius: 17.15px;}
 50.53% {border-radius: 21.75px;}
 60.11% {border-radius: 18.9px;}
 70.21% {border-radius: 20.68px;}
 80.32% {border-radius: 19.58px;}
 90.43% {border-radius: 20.26px;}
 100% {border-radius: 20px;}"
`;

exports[`returns keyframes for scale props, for each frame when withInvertedScale is true 1`] = `
Array [
  "0% {transform: scale3d(1, 100000, 1);}
 2.22% {transform: scale3d(1, 20, 1);}
 4.44% {transform: scale3d(1, 7.142857142857142, 1);}
 6.67% {transform: scale3d(1, 4, 1);}
 8.89% {transform: scale3d(1, 2.6315789473684212, 1);}
 11.11% {transform: scale3d(1, 1.9607843137254901, 1);}
 13.33% {transform: scale3d(1, 1.5625, 1);}
 15.56% {transform: scale3d(1, 1.2987012987012987, 1);}
 17.78% {transform: scale3d(1, 1.1363636363636365, 1);}
 20% {transform: scale3d(1, 1.0309278350515465, 1);}
 22.22% {transform: scale3d(1, 0.9523809523809523, 1);}
 24.44% {transform: scale3d(1, 0.9009009009009008, 1);}
 26.67% {transform: scale3d(1, 0.8695652173913044, 1);}
 28.89% {transform: scale3d(1, 0.8547008547008548, 1);}
 31.11% {transform: scale3d(1, 0.8403361344537815, 1);}
 33.33% {transform: scale3d(1, 0.8403361344537815, 1);}
 35.56% {transform: scale3d(1, 0.8474576271186441, 1);}
 37.78% {transform: scale3d(1, 0.8620689655172414, 1);}
 40% {transform: scale3d(1, 0.8771929824561404, 1);}
 42.22% {transform: scale3d(1, 0.8928571428571428, 1);}
 44.44% {transform: scale3d(1, 0.9174311926605504, 1);}
 46.67% {transform: scale3d(1, 0.9345794392523364, 1);}
 48.89% {transform: scale3d(1, 0.9615384615384615, 1);}
 51.11% {transform: scale3d(1, 0.9803921568627451, 1);}
 53.33% {transform: scale3d(1, 0.9900990099009901, 1);}
 55.56% {transform: scale3d(1, 1.0101010101010102, 1);}
 57.78% {transform: scale3d(1, 1.0204081632653061, 1);}
 60% {transform: scale3d(1, 1.0309278350515465, 1);}
 62.22% {transform: scale3d(1, 1.0309278350515465, 1);}
 64.44% {transform: scale3d(1, 1.0309278350515465, 1);}
 66.67% {transform: scale3d(1, 1.0309278350515465, 1);}
 68.89% {transform: scale3d(1, 1.0309278350515465, 1);}
 71.11% {transform: scale3d(1, 1.0309278350515465, 1);}
 73.33% {transform: scale3d(1, 1.0309278350515465, 1);}
 75.56% {transform: scale3d(1, 1.0204081632653061, 1);}
 77.78% {transform: scale3d(1, 1.0204081632653061, 1);}
 80% {transform: scale3d(1, 1.0101010101010102, 1);}
 82.22% {transform: scale3d(1, 1.0101010101010102, 1);}
 84.44% {transform: scale3d(1, 1, 1);}
 86.67% {transform: scale3d(1, 1, 1);}
 88.89% {transform: scale3d(1, 1, 1);}
 91.11% {transform: scale3d(1, 1, 1);}
 93.33% {transform: scale3d(1, 0.9900990099009901, 1);}
 95.56% {transform: scale3d(1, 0.9900990099009901, 1);}
 97.78% {transform: scale3d(1, 0.9900990099009901, 1);}
 100% {transform: scale3d(1, 1, 1);}",
]
`;

exports[`returns keyframes for scale props, for each frame when withInvertedScale is true 2`] = `"750ms"`;

exports[`returns tweened animations for all tweened property values 1`] = `
"0% {opacity: 0; transform: translate3d(0px, 0px, 0px);}
 100% {opacity: 1; transform: translate3d(100px, 0px, 0px);}"
`;

exports[`returns tweened animations for custom tweened property values 1`] = `
"0% {opacity: 0;}
 10.11% {opacity: 1.62;}
 20.21% {opacity: 0.62;}
 30.32% {opacity: 1.23;}
 40.43% {opacity: 0.86;}
 50.53% {opacity: 1.09;}
 60.11% {opacity: 0.94;}
 70.21% {opacity: 1.03;}
 80.32% {opacity: 0.98;}
 90.43% {opacity: 1.01;}
 100% {opacity: 1;}"
`;

exports[`returns tweened animations for custom tweened property values 2`] = `
"0% {transform: translate3d(0px, 0px, 0px);}
 100% {transform: translate3d(100px, 0px, 0px);}"
`;
